// Jest Snapshot v1, https://goo.gl/fbAQLP

exports[`EuiHeaderBreadcrumbs is rendered 1`] = `
<nav
  aria-label="aria-label"
  class="euiBreadcrumbs euiHeaderBreadcrumbs testClass1 testClass2 euiBreadcrumbs--truncate euiBreadcrumbs--responsive"
  data-test-subj="test subject string"
>
  <a
    class="euiLink euiLink--primary euiBreadcrumb customClass euiBreadcrumb--first"
    data-test-subj="breadcrumbsAnimals"
    href="#"
    rel="noreferrer"
  >
    Animals
  </a>
  <button
    class="euiLink euiLink--primary euiBreadcrumb"
    type="button"
  >
    Reptiles
  </button>
  <a
    class="euiLink euiLink--primary euiBreadcrumb"
    href="#"
    rel="noreferrer"
  >
    Boa constrictor
  </a>
  <span
    aria-current="page"
    class="euiBreadcrumb euiBreadcrumb--last"
  >
    Edit
  </span>
</nav>
`;
